<html>
<body>
<pre>
<h1>µVision Build Log</h1>
<h2>Tool Versions:</h2>
IDE-Version: ¦ÌVision V5.29.0.0
Copyright (C) 2019 ARM Ltd and ARM Germany GmbH. All rights reserved.
License Information: wang shaofeng, heqing, LIC=MPPLD-8ACB3-74TS0-B76QU-RP71E-FNZHL
 
Tool Versions:
Toolchain:       MDK-ARM Plus  Version: 5.29.0.0
Toolchain Path:  F:\Keil_v5\ARM\ARMCC\Bin
C Compiler:      Armcc.exe V5.06 update 6 (build 750)
Assembler:       Armasm.exe V5.06 update 6 (build 750)
Linker/Locator:  ArmLink.exe V5.06 update 6 (build 750)
Library Manager: ArmAr.exe V5.06 update 6 (build 750)
Hex Converter:   FromElf.exe V5.06 update 6 (build 750)
CPU DLL:         SARMCM3.DLL V5.29.0.0
Dialog DLL:      DCM.DLL V1.17.3.0
Target DLL:      Segger\JL2CM3.dll V2.99.36.0
Dialog DLL:      TCM.DLL V1.36.5.0
 
<h2>Project:</h2>
G:\STM32_CubeMX_PRJ\2021-2-18 Mult_power\MDK-ARM\Mult_power_out.uvprojx
Project File Date:  03/16/2021

<h2>Output:</h2>
*** Using Compiler 'V5.06 update 6 (build 750)', folder: 'F:\Keil_v5\ARM\ARMCC\Bin'
Build target 'Mult_power_out'
compiling main.c...
../Core/Src/main.c(959): warning:  #177-D: variable "n"  was declared but never referenced
  unsigned char m=a,n=0;	
../Core/Src/main.c(1028): warning:  #177-D: variable "n"  was declared but never referenced
  unsigned char m=a,n=0;	
../Core/Src/main.c(1097): warning:  #177-D: variable "dis_num"  was declared but never referenced
  	unsigned char dis_num=0;
../Core/Src/main.c(1098): warning:  #177-D: variable "Src_Pointer"  was declared but never referenced
  	unsigned char *Src_Pointer;
../Core/Src/main.c(1099): warning:  #177-D: variable "i"  was declared but never referenced
    unsigned char i,Font,Pick;
../Core/Src/main.c(1099): warning:  #177-D: variable "Font"  was declared but never referenced
    unsigned char i,Font,Pick;
../Core/Src/main.c(1099): warning:  #177-D: variable "Pick"  was declared but never referenced
    unsigned char i,Font,Pick;
../Core/Src/main.c(1100): warning:  #177-D: variable "m"  was declared but never referenced
  	unsigned char m=0,n=0;	
../Core/Src/main.c(1100): warning:  #177-D: variable "n"  was declared but never referenced
  	unsigned char m=0,n=0;	
../Core/Src/main.c(1158): warning:  #177-D: variable "n"  was declared but never referenced
  unsigned char m=0,n=0;	
../Core/Src/main.c(1680): warning:  #223-D: function "printf" declared implicitly
   printf("start! \r\n\r\n");
../Core/Src/main.c: 11 warnings, 0 errors
linking...
Program Size: Code=16228 RO-data=292 RW-data=2248 ZI-data=2120  
FromELF: creating hex file...
"Mult_power_out\Mult_power_out.axf" - 0 Error(s), 11 Warning(s).

<h2>Software Packages used:</h2>

Package Vendor: ARM
                http://www.keil.com/pack/ARM.CMSIS.5.6.0.pack
                ARM.CMSIS.5.6.0
                CMSIS (Cortex Microcontroller Software Interface Standard)
   * Component: CORE Version: 5.3.0

Package Vendor: Keil
                http://www.keil.com/pack/Keil.STM32F1xx_DFP.2.3.0.pack
                Keil.STM32F1xx_DFP.2.3.0
                STMicroelectronics STM32F1 Series Device Support, Drivers and Examples

<h2>Collection of Component include folders:</h2>
  .\RTE\_Mult_power_out
  F:\Arm\Packs\ARM\CMSIS\5.6.0\CMSIS\Core\Include
  F:\Arm\Packs\Keil\STM32F1xx_DFP\2.3.0\Device\Include

<h2>Collection of Component Files used:</h2>

   * Component: ARM::CMSIS:CORE:5.3.0
Build Time Elapsed:  00:00:01
</pre>
</body>
</html>
